../Core/Src/main.c:79:5:main	112	static
../Core/Src/main.c:160:6:SystemClock_Config	88	static
../Core/Src/main.c:205:13:MX_TIM1_Init	32	static
../Core/Src/main.c:251:13:MX_USART2_UART_Init	8	static
../Core/Src/main.c:284:13:MX_GPIO_Init	48	static
../Core/Src/main.c:321:6:Write_DQ	16	static
../Core/Src/main.c:329:6:Read_DQ	8	static
../Core/Src/main.c:336:6:initialize	8	static
../Core/Src/main.c:351:6:delay_us	16	static
../Core/Src/main.c:359:6:send_command	24	static
../Core/Src/main.c:387:6:Error_Handler	4	static,ignoring_inline_asm
