../Core/Src/main.c:79:5:main	216	static
../Core/Src/main.c:257:6:SystemClock_Config	88	static
../Core/Src/main.c:302:13:MX_TIM1_Init	32	static
../Core/Src/main.c:348:13:MX_USART2_UART_Init	8	static
../Core/Src/main.c:381:13:MX_GPIO_Init	48	static
../Core/Src/main.c:418:6:Write_DQ	16	static
../Core/Src/main.c:426:6:Read_DQ	8	static
../Core/Src/main.c:433:6:initialize	8	static
../Core/Src/main.c:448:6:delay_us	16	static
../Core/Src/main.c:456:6:send_command	24	static
../Core/Src/main.c:484:6:Error_Handler	4	static,ignoring_inline_asm
